[33mΓ¥»[39m Building...
[32mΓ£ö[39m Building...
Application bundle generation failed. [2.394 seconds] - 2026-03-28T10:41:36.275Z

node.exe : [1m[33m[33mΓû▓ 
[43;33m[[43;30mWARNING[43;33
m][0m [1mNG8113: 
DecimalPipe is not used 
within the template of 
AdminDashboardComponent[0m 
[1m[35m[plugin 
angular-compiler][0m
At line:1 char:1
+ & "C:\Program 
Files\nodejs/node.exe" 
"C:\Program 
Files\nodejs/node_mo ...
+ ~~~~~~~~~~~~~~~~~~~~~~~~~~~~
~~~~~~~~~~~~~~~~~~~~~~~~~~~~~~
~~~~~~~~~~~
    + CategoryInfo          : 
    NotSpecified: ([1m[33m  
  [33mΓ...r-compiler][0m:   
 String) [], RemoteExcepti    
on
    + FullyQualifiedErrorId : 
    NativeCommandError
 

    src/app/features/admin/adm
in-dashboard/admin-dashboard.c
omponent.ts:9:48:
[37m      9 Γöé   imports: 
[CommonModule, 
AdminLayoutComponent, 
[32mDecimalPipe[37m],
        Γò╡                   
                              
[32m~~~~~~~~~~~[0m


[33mΓû▓ [43;33m[[43;30mWARN
ING[43;33m][0m [1mNG8113: 
AdminLayoutComponent is not 
used within the template of 
AdminReportsComponent[0m 
[1m[35m[plugin 
angular-compiler][0m

    src/app/features/admin/adm
in-reports/admin-reports.compo
nent.ts:9:26:
[37m      9 Γöé   imports: 
[CommonModule, [32mAdminLayou
tComponent[37m],
        Γò╡                   
        
[32m~~~~~~~~~~~~~~~~~~~~[0m


[33mΓû▓ [43;33m[[43;30mWARN
ING[43;33m][0m [1mExpected 
identifier but found 
whitespace[0m 
[1m[35m[plugin 
angular-compiler][0m 
[css-syntax-error]

    angular:styles/component:c
ss;32f1063cde61218bf5a4bac00c2
eea7ccc2075dd848ae06dac5312d49
f9354fe;D:/Data/HUIT/KLKS/Gith
ub/Github_Fontend/src/app/feat
ures/my-courses/my-courses.com
ponent.ts:49:16:
[37m      49 Γöé       
font-size:[32m[37m 12px;
         Γò╡                 
[32m^[0m


[33mΓû▓ [43;33m[[43;30mWARN
ING[43;33m][0m 
[1mUnexpected "12px"[0m 
[1m[35m[plugin 
angular-compiler][0m 
[css-syntax-error]

    angular:styles/component:c
ss;32f1063cde61218bf5a4bac00c2
eea7ccc2075dd848ae06dac5312d49
f9354fe;D:/Data/HUIT/KLKS/Gith
ub/Github_Fontend/src/app/feat
ures/my-courses/my-courses.com
ponent.ts:49:17:
[37m      49 Γöé       
font-size: [32m12px[37m;
         Γò╡                  
[32m~~~~[0m

[39m[22m
[1m[31m[31mX [41;31m[[41;
97mERROR[41;31m][0m 
[1mNG5002: Unexpected 
closing tag "div". It may 
happen when the tag has 
already been closed by 
another tag. For more info 
see https://www.w3.org/TR/html
5/syntax.html#closing-elements
-that-have-implied-end-tags[0
m [1m[35m[plugin 
angular-compiler][0m

    src/app/features/admin/adm
in-reports/admin-reports.compo
nent.ts:58:6:
[37m      58 Γöé       
[32m</div>[37m
         Γò╡       
[32m~~~~~~[0m

[39m[22m
